Metroxylon paulcoxii
Metroxylon amicarum
Calamus sp. DR-2017
Laccosperma laeve
Calamus sp. DIR-2017
Mauritiella sp. KD-2016
Daemonorops sp. TY-2016
Daemonorops draco
Mauritia carana
Calamus muelleri
Calamus macrorhynchus
Calamus compsostachys
Plectocomia assamica
Calamus unifarius var. pentong
Calamus latifolius
Calamus sp. TBGT63219
Calamus distentus
Salacca wallichiana
Salacca secunda
Korthalsia rogersii
Korthalsia laciniosa
Daemonorops wrightmyoensis
Daemonorops rarispinosa
Daemonorops manii
Daemonorops kurziana
Daemonorops jenkinsiana
Daemonorops aurea
Calamus shendurunii
Calamus pseudorivalis
Calamus prasinus
Calamus neelagiricus
Calamus leptospadix
Calamus laccifer
Calamus huegelianus
Calamus floribundus
Calamus flagellum
Calamus dilaceratus
Calamus basui
Calamus arborescens
Calamus acanthospathus
Salacca zalacca var. zalacca
Calamus sp. KYUM-2014
Calamus salicifolius
Raphia palma-pinus
Oncocalamus macrospathus
Laccosperma secundiflorum
Laccosperma robustum
Laccosperma korupense
Eremospatha hookeri
Eremospatha haullevilleana
Eremospatha dransfieldii
Eremospatha cuspidata
Eremospatha cabrae
Eremospatha barendii
Calamus radicalis
Calamus moti
Calamus australis
Raphia australis
Calamus yunnanensis var. intermedius
Calamus yunnanensis var. densiflorus
Calamus yunnanensis
Calamus platyacanthus var. longicarpus
Calamus platyacanthos
Calamus nambariensis var. xishuangbannaensis
Calamus nambariensis var. menglongensis
Calamus nambariensis var. alpinus
Calamus karinensis
Calamus bonianus
Calamus nambariensis
Plectocomia himalayana
Calamus viminalis var. fasciculatus
Calamus rhabdocladus
Calamus henryanus
Calamus guruba var. ellipsoideus
Calamus gracilis
Calamus erectus
Calamus khasianus
Calamus stoloniferus
Calamus vattayila
Calamus unifarius
Calamus travancoricus
Calamus tetradactylus
Calamus lakshmanae
Calamus guruba
Calamus delessertianus
Calamus brandisii
Calamus baratangensis
Calamus andamanicus
Calamus longisetus
Calamus karnatakensis
x Gigantocalamus malpenensis
x Gigantocalamus
Calamus rotang
Calamus tenuis
Calamus pseudotenuis
Calamus peregrinus
Calamus hookerianus
Calamus dransfieldii
Calamus thwaitesii
Calamus gamblei
Raphia hookeri
Calamus metzianus
Calamus simplicifolius
Calamus viminalis
Calamus palustris
Calamus nagbettai
Salaccinae
Korthalsiinae
Mauritiinae
Eugeissoneae
Metroxylon warburgii
Calamus aruensis
Oncocalamus tuleyi
Eremospatha laurentii
Korthalsia debilis
Mauritiella aculeata
Daemonorops acamptostachys
Ceratolobus pseudoconcolor
Calamus caryotoides
Raphiinae
Plectocomiinae
Pigafettinae
Metroxylinae
Eugeissoninae
Calaminae
Ancistrophyllinae
Lepidocaryeae
Calameae
Calamoideae
Salacca zalacca
Eremospatha macrocarpa
Metroxylon vitiense
Raphia farinifera
Raphia
Salacca rupicola
Salacca ramosiana
Salacca glabrescens
Salacca affinis
Salacca
Retispatha dumetosa
Retispatha
Pogonotium ursinum
Pogonotium
Plectocomiopsis geminiflora
Plectocomiopsis
Plectocomia mulleri
Plectocomia elongata
Plectocomia
Pigafetta filaris
Pigafetta elata
Pigafetta
Oncocalamus mannii
Oncocalamus
Myrialepis paradoxa
Myrialepis
Metroxylon salomonense
Metroxylon sagu
Metroxylon
Mauritiella armata
Mauritiella
Mauritia flexuosa
Mauritia
Lepidocaryum tenue
Lepidocaryum
Laccosperma opacum
Laccosperma acutiflorum
Laccosperma
Korthalsia jala
Korthalsia cheb
Korthalsia
Eugeissona utilis
Eugeissona tristis
Eugeissona
Eremospatha wendlandiana
Eremospatha
Eleiodoxa conferta
Eleiodoxa
Daemonorops periacantha
Daemonorops oxycarpa
Daemonorops longipes
Daemonorops fissa
Daemonorops didymophylla
Daemonorops calicarpa
Daemonorops
Ceratolobus subangulatus
Ceratolobus concolor
Ceratolobus
Calamus calospathus
Calamus warburgii
Calamus thysanolepis
Calamus sordidus
Calamus sedens
Calamus scipionum
Calamus reticulatus
Calamus pogonacanthus
Calamus paspalanthus
Calamus ornatus
Calamus nanodendron
Calamus manan
Calamus longispathus
Calamus koordersianus
Calamus humboldtianus
Calamus hollrungii
Calamus heteracanthus
Calamus erinaceus
Calamus diepenhorstii
Calamus deerratus
Calamus conirostris
Calamus ciliaris
Calamus castaneus
Calamus caesius
Calamus blumei
Calamus aidae
Calamus usitatus
Calamus

