Galagoides zanzibaricus zanzibaricus
Galago senegalensis braccatus
Galagoides demidoff murinus
Loris lydekkerianus lydekkerianus
Loris tardigradus tardigradus
Galago senegalensis senegalensis
Galagoides rondoensis
Galagoides zanzibaricus udzungwensis
Palaeopropithecus maximus
Cheirogaleus lavasoensis
Palaeopropithecus ingens
Paleopropithecidae
Pachylemur jullyi
Pachylemur
Galagoides cocos
Eulemur hybrids
Eulemur cinereiceps x rufifrons
Eulemur albifrons x cinereiceps
Eulemur albifrons x rufifrons
Prolemur simus
Prolemur
Phaner parienti
Phaner electromontis
Avahi peyrierasi
Microcebus sp. d'Ambre
Microcebus marohita
Microcebus tanosi
Eulemur albifrons
Microcebus gerpi
Propithecus perrieri
Lepilemur wrighti
Lepilemur tymerlachsoni
Lepilemur scottorum
Lepilemur randrianasoloi
Lepilemur petteri
Lepilemur milanoii
Lepilemur hollandorum
Lepilemur grewcocki
Lepilemur fleuretae
Lepilemur betsileo
Lepilemur ahmansoni
Hapalemur occidentalis
Galagoides thomasi
Cheirogaleus minusculus
Microcebus margotmarshae
Microcebus arnholdi
Eulemur rufifrons
Eulemur rufus
Microcebus sp. DWW-2010a
Lepilemur hubbardorum
Cheirogaleus sibreei
Eulemur cinereiceps
Phaner pallescens
Varecia rubra
Microcebus sp. Anjiahely
Microcebus macarthurii
Propithecus candidus
Propithecus edwardsi
Hadropithecus stenognathus
Hadropithecus
Archaeolemur edwardsi
Archaeolemur majori
Archaeolemur
Lepilemur jamesi
Propithecus deckenii deckenii
Otolemur garnettii garnettii
Propithecus deckenii coronatus
Propithecus deckenii
Lepilemur otto
Lepilemur manasamody
Microcebus sp. Antanosy
Mirza sp. 001y03
Microcebus mamiratra
Microcebus sp. Maroakata
Microcebus sp. Mahajamba-Est
Microcebus sp. Bora
Microcebus sp. Ambongabe
Microcebus lokobensis
Microcebus danfossi
Microcebus bongolavensis
Avahi cleesei
Avahi unicolor
Lepilemur sp. hubbardi
Microcebus sp. ANT5.1
Propithecus coquereli
Lepilemur mittermeieri
Lorisiformes
Chiromyiformes
Lemuriformes
Strepsirrhini
Microcebus lehilahytsara
Lepilemur ankaranensis
Lepilemur aeeclis
Lepilemur sahamalazensis
Mirza zaza
Otolemur monteiri argentatus
Otolemur monteiri monteiri
Otolemur monteiri
Galagoides orinus
Palaeopropithecus sp. KPK-2005
Palaeopropithecus sp. UA6184
Palaeopropithecus sp. UA4466
Palaeopropithecus
Megaladapis sp. UA4822
Megaladapis sp. UA4821
Megaladapis sp. UA4823
Megaladapis sp. UA5482
Nycticebus javanicus
Nycticebus coucang coucang
Nycticebus menagensis
Loris lydekkerianus malabaricus
Loris lydekkerianus
Arctocebus aureus
Cheirogaleus crossleyi
Microcebus sp. EELHDZ VEV35
Microcebus sp. EELHDZ VEV33
Microcebus sp. EELHDZ TAD23
Microcebus sp. EELHDZ M98
Nycticebus bengalensis
Loris tardigradus nordicus
Arctocebus calabarensis
Arctocebus
Perodicticus potto ibeanus
Euoticus elegantulus
Euoticus
Phaner furcifer
Phaner
Galago granti
Galago gabonensis
Lepilemur seali
Lepilemur mitsinjoensis
Microcebus jollyae
Microcebus mittermeieri
Microcebus simmonsi
Megaladapis edwardsi
Hapalemur griseus JF2002
Lepilemur sp. RANO235
Lepilemur sp. RANO234
Lepilemur sp. RANO236
Lepilemur microdon
Hapalemur griseus meridionalis
Propithecus diadema marshi
Propithecus diadema diadema
Microcebus griseorufus
Microcebus sambiranensis
Microcebus berthae
Microcebus tavaratra
Microcebus myoxinus
Galago matschiei
Avahi occidentalis
Megaladapis sp.
Megaladapis
Allocebus trichotis
Allocebus
Avahi laniger
Avahi
Microcebus rufus
Microcebus ravelobensis
Lepilemur edwardsi
Propithecus verreauxi verreauxi
Eulemur sanfordi
Eulemur fulvus albocollaris
Hapalemur aureus
Hapalemur griseus occidentalis
Hapalemur griseus alaotrensis
Hapalemur griseus griseus
Galagoides zanzibaricus
Galago gallarum
Nycticebus sp.
Nycticebus pygmaeus
Lepilemur leucopus
Galagoides demidoff
Galagoides
Varecia variegata variegata
Eulemur flavifrons
Mirza
Propithecus diadema
Lepilemur ruficaudatus
Lepilemur septentrionalis
Lepilemur dorsalis
Lemur sp.
Mirza coquereli
Eulemur fulvus collaris
Cheirogaleus major
Eulemur fulvus fulvus
Galagidae
Propithecus sp.
Galago alleni
Eulemur rubriventer
Eulemur mongoz
Indri indri
Indri
Propithecus verreauxi
Daubentonia madagascariensis
Cheirogaleidae
Lepilemuridae
Daubentoniidae
Otolemur garnettii
Otolemur
Galago moholi
Microcebus murinus
Eulemur macaco macaco
Eulemur macaco
Propithecus tattersalli
Propithecus
Indriidae
Eulemur fulvus mayottensis
Hapalemur griseus
Hapalemur
Eulemur fulvus
Eulemur coronatus
Eulemur
Microcebus
Daubentonia
Perodicticus potto edwarsi
Perodicticus potto
Perodicticus
Nycticebus coucang
Nycticebus
Loris tardigradus
Loris
Galago senegalensis
Galago sp.
Otolemur crassicaudatus
Galago
Lorisidae
Cheirogaleus medius
Cheirogaleus
Varecia variegata
Varecia
Lepilemur mustelinus
Lepilemur
Lemur catta
Lemur
Lemuridae

